// Vitest Snapshot v1, https://vitest.dev/guide/snapshot.html

exports[`Grid renders correctly 1`] = `
<DocumentFragment>
  <div
    class="css-2gtdmb"
    role="grid"
    size="12"
  >
    <div
      class="css-12dzs03"
      data-testid="0,0"
      role="cell"
    >
      <div
        class="css-81z0jo"
        data-testid="bomb_0,0"
      />
    </div>
    <div
      class="css-13kl6wr"
      data-testid="0,1"
      role="cell"
    >
      2
    </div>
    <div
      class="css-12dzs03"
      data-testid="0,2"
      role="cell"
    >
      <div
        class="css-81z0jo"
        data-testid="bomb_0,2"
      />
    </div>
    <div
      class="css-y5m8ng"
      data-testid="0,3"
      role="cell"
    >
      1
    </div>
    <div
      class="css-1l2qare"
      data-testid="0,4"
      role="cell"
    >
      0
    </div>
    <div
      class="css-1l2qare"
      data-testid="0,5"
      role="cell"
    >
      0
    </div>
    <div
      class="css-y5m8ng"
      data-testid="0,6"
      role="cell"
    >
      1
    </div>
    <div
      class="css-y5m8ng"
      data-testid="0,7"
      role="cell"
    >
      1
    </div>
    <div
      class="css-y5m8ng"
      data-testid="0,8"
      role="cell"
    >
      1
    </div>
    <div
      class="css-y5m8ng"
      data-testid="0,9"
      role="cell"
    >
      1
    </div>
    <div
      class="css-y5m8ng"
      data-testid="0,10"
      role="cell"
    >
      1
    </div>
    <div
      class="css-y5m8ng"
      data-testid="0,11"
      role="cell"
    >
      1
    </div>
    <div
      class="css-y5m8ng"
      data-testid="1,0"
      role="cell"
    >
      1
    </div>
    <div
      class="css-13kl6wr"
      data-testid="1,1"
      role="cell"
    >
      2
    </div>
    <div
      class="css-13kl6wr"
      data-testid="1,2"
      role="cell"
    >
      2
    </div>
    <div
      class="css-13kl6wr"
      data-testid="1,3"
      role="cell"
    >
      2
    </div>
    <div
      class="css-y5m8ng"
      data-testid="1,4"
      role="cell"
    >
      1
    </div>
    <div
      class="css-1l2qare"
      data-testid="1,5"
      role="cell"
    >
      0
    </div>
    <div
      class="css-y5m8ng"
      data-testid="1,6"
      role="cell"
    >
      1
    </div>
    <div
      class="css-12dzs03"
      data-testid="1,7"
      role="cell"
    >
      <div
        class="css-81z0jo"
        data-testid="bomb_1,7"
      />
    </div>
    <div
      class="css-y5m8ng"
      data-testid="1,8"
      role="cell"
    >
      1
    </div>
    <div
      class="css-y5m8ng"
      data-testid="1,9"
      role="cell"
    >
      1
    </div>
    <div
      class="css-12dzs03"
      data-testid="1,10"
      role="cell"
    >
      <div
        class="css-81z0jo"
        data-testid="bomb_1,10"
      />
    </div>
    <div
      class="css-y5m8ng"
      data-testid="1,11"
      role="cell"
    >
      1
    </div>
    <div
      class="css-1l2qare"
      data-testid="2,0"
      role="cell"
    >
      0
    </div>
    <div
      class="css-1l2qare"
      data-testid="2,1"
      role="cell"
    >
      0
    </div>
    <div
      class="css-y5m8ng"
      data-testid="2,2"
      role="cell"
    >
      1
    </div>
    <div
      class="css-12dzs03"
      data-testid="2,3"
      role="cell"
    >
      <div
        class="css-81z0jo"
        data-testid="bomb_2,3"
      />
    </div>
    <div
      class="css-1tt7j02"
      data-testid="2,4"
      role="cell"
    >
      10
    </div>
    <div
      class="css-1l2qare"
      data-testid="2,5"
      role="cell"
    >
      0
    </div>
    <div
      class="css-13kl6wr"
      data-testid="2,6"
      role="cell"
    >
      2
    </div>
    <div
      class="css-13kl6wr"
      data-testid="2,7"
      role="cell"
    >
      2
    </div>
    <div
      class="css-13kl6wr"
      data-testid="2,8"
      role="cell"
    >
      2
    </div>
    <div
      class="css-y5m8ng"
      data-testid="2,9"
      role="cell"
    >
      1
    </div>
    <div
      class="css-y5m8ng"
      data-testid="2,10"
      role="cell"
    >
      1
    </div>
    <div
      class="css-y5m8ng"
      data-testid="2,11"
      role="cell"
    >
      1
    </div>
    <div
      class="css-1l2qare"
      data-testid="3,0"
      role="cell"
    >
      0
    </div>
    <div
      class="css-1l2qare"
      data-testid="3,1"
      role="cell"
    >
      0
    </div>
    <div
      class="css-1tt7j02"
      data-testid="3,2"
      role="cell"
    >
      10
    </div>
    <div
      class="css-1tt7j02"
      data-testid="3,3"
      role="cell"
    >
      10
    </div>
    <div
      class="css-y5m8ng"
      data-testid="3,4"
      role="cell"
    >
      1
    </div>
    <div
      class="css-1l2qare"
      data-testid="3,5"
      role="cell"
    >
      0
    </div>
    <div
      class="css-y5m8ng"
      data-testid="3,6"
      role="cell"
    >
      1
    </div>
    <div
      class="css-12dzs03"
      data-testid="3,7"
      role="cell"
    >
      <div
        class="css-81z0jo"
        data-testid="bomb_3,7"
      />
    </div>
    <div
      class="css-y5m8ng"
      data-testid="3,8"
      role="cell"
    >
      1
    </div>
    <div
      class="css-13kl6wr"
      data-testid="3,9"
      role="cell"
    >
      2
    </div>
    <div
      class="css-13kl6wr"
      data-testid="3,10"
      role="cell"
    >
      2
    </div>
    <div
      class="css-13kl6wr"
      data-testid="3,11"
      role="cell"
    >
      2
    </div>
    <div
      class="css-1l2qare"
      data-testid="4,0"
      role="cell"
    >
      0
    </div>
    <div
      class="css-y5m8ng"
      data-testid="4,1"
      role="cell"
    >
      1
    </div>
    <div
      class="css-y5m8ng"
      data-testid="4,2"
      role="cell"
    >
      1
    </div>
    <div
      class="css-13kl6wr"
      data-testid="4,3"
      role="cell"
    >
      2
    </div>
    <div
      class="css-13kl6wr"
      data-testid="4,4"
      role="cell"
    >
      2
    </div>
    <div
      class="css-12dzs03"
      data-testid="4,5"
      role="cell"
    >
      <div
        class="css-81z0jo"
        data-testid="bomb_4,5"
      />
    </div>
    <div
      class="css-y5m8ng"
      data-testid="4,6"
      role="cell"
    >
      1
    </div>
    <div
      class="css-y5m8ng"
      data-testid="4,7"
      role="cell"
    >
      1
    </div>
    <div
      class="css-y5m8ng"
      data-testid="4,8"
      role="cell"
    >
      1
    </div>
    <div
      class="css-1l2qare"
      data-testid="4,9"
      role="cell"
    >
      0
    </div>
    <div
      class="css-1l2qare"
      data-testid="4,10"
      role="cell"
    >
      0
    </div>
    <div
      class="css-1l2qare"
      data-testid="4,11"
      role="cell"
    >
      0
    </div>
    <div
      class="css-1l2qare"
      data-testid="5,0"
      role="cell"
    >
      0
    </div>
    <div
      class="css-y5m8ng"
      data-testid="5,1"
      role="cell"
    >
      1
    </div>
    <div
      class="css-12dzs03"
      data-testid="5,2"
      role="cell"
    >
      <div
        class="css-81z0jo"
        data-testid="bomb_5,2"
      />
    </div>
    <div
      class="css-1ejwm48"
      data-testid="5,3"
      role="cell"
    >
      3
    </div>
    <div
      class="css-12dzs03"
      data-testid="5,4"
      role="cell"
    >
      <div
        class="css-81z0jo"
        data-testid="bomb_5,4"
      />
    </div>
    <div
      class="css-13kl6wr"
      data-testid="5,5"
      role="cell"
    >
      2
    </div>
    <div
      class="css-1tt7j02"
      data-testid="5,6"
      role="cell"
    >
      10
    </div>
    <div
      class="css-1l2qare"
      data-testid="5,7"
      role="cell"
    >
      0
    </div>
    <div
      class="css-1l2qare"
      data-testid="5,8"
      role="cell"
    >
      0
    </div>
    <div
      class="css-13kl6wr"
      data-testid="5,9"
      role="cell"
    >
      2
    </div>
    <div
      class="css-y5m8ng"
      data-testid="5,10"
      role="cell"
    >
      1
    </div>
    <div
      class="css-y5m8ng"
      data-testid="5,11"
      role="cell"
    >
      1
    </div>
    <div
      class="css-1l2qare"
      data-testid="6,0"
      role="cell"
    >
      0
    </div>
    <div
      class="css-13kl6wr"
      data-testid="6,1"
      role="cell"
    >
      2
    </div>
    <div
      class="css-13kl6wr"
      data-testid="6,2"
      role="cell"
    >
      2
    </div>
    <div
      class="css-bqz2uz"
      data-testid="6,3"
      role="cell"
    >
      4
    </div>
    <div
      class="css-12dzs03"
      data-testid="6,4"
      role="cell"
    >
      <div
        class="css-81z0jo"
        data-testid="bomb_6,4"
      />
    </div>
    <div
      class="css-13kl6wr"
      data-testid="6,5"
      role="cell"
    >
      2
    </div>
    <div
      class="css-1tt7j02"
      data-testid="6,6"
      role="cell"
    >
      10
    </div>
    <div
      class="css-y5m8ng"
      data-testid="6,7"
      role="cell"
    >
      1
    </div>
    <div
      class="css-y5m8ng"
      data-testid="6,8"
      role="cell"
    >
      1
    </div>
    <div
      class="css-y5m8ng"
      data-testid="6,9"
      role="cell"
    >
      1
    </div>
    <div
      class="css-12dzs03"
      data-testid="6,10"
      role="cell"
    >
      <div
        class="css-81z0jo"
        data-testid="bomb_6,10"
      />
    </div>
    <div
      class="css-y5m8ng"
      data-testid="6,11"
      role="cell"
    >
      1
    </div>
    <div
      class="css-1l2qare"
      data-testid="7,0"
      role="cell"
    >
      0
    </div>
    <div
      class="css-y5m8ng"
      data-testid="7,1"
      role="cell"
    >
      1
    </div>
    <div
      class="css-12dzs03"
      data-testid="7,2"
      role="cell"
    >
      <div
        class="css-81z0jo"
        data-testid="bomb_7,2"
      />
    </div>
    <div
      class="css-13kl6wr"
      data-testid="7,3"
      role="cell"
    >
      2
    </div>
    <div
      class="css-y5m8ng"
      data-testid="7,4"
      role="cell"
    >
      1
    </div>
    <div
      class="css-y5m8ng"
      data-testid="7,5"
      role="cell"
    >
      1
    </div>
    <div
      class="css-y5m8ng"
      data-testid="7,6"
      role="cell"
    >
      1
    </div>
    <div
      class="css-12dzs03"
      data-testid="7,7"
      role="cell"
    >
      <div
        class="css-81z0jo"
        data-testid="bomb_7,7"
      />
    </div>
    <div
      class="css-y5m8ng"
      data-testid="7,8"
      role="cell"
    >
      1
    </div>
    <div
      class="css-13kl6wr"
      data-testid="7,9"
      role="cell"
    >
      2
    </div>
    <div
      class="css-13kl6wr"
      data-testid="7,10"
      role="cell"
    >
      2
    </div>
    <div
      class="css-13kl6wr"
      data-testid="7,11"
      role="cell"
    >
      2
    </div>
    <div
      class="css-1l2qare"
      data-testid="8,0"
      role="cell"
    >
      0
    </div>
    <div
      class="css-y5m8ng"
      data-testid="8,1"
      role="cell"
    >
      1
    </div>
    <div
      class="css-1tt7j02"
      data-testid="8,2"
      role="cell"
    >
      10
    </div>
    <div
      class="css-1tt7j02"
      data-testid="8,3"
      role="cell"
    >
      10
    </div>
    <div
      class="css-1l2qare"
      data-testid="8,4"
      role="cell"
    >
      0
    </div>
    <div
      class="css-1l2qare"
      data-testid="8,5"
      role="cell"
    >
      0
    </div>
    <div
      class="css-y5m8ng"
      data-testid="8,6"
      role="cell"
    >
      1
    </div>
    <div
      class="css-y5m8ng"
      data-testid="8,7"
      role="cell"
    >
      1
    </div>
    <div
      class="css-y5m8ng"
      data-testid="8,8"
      role="cell"
    >
      1
    </div>
    <div
      class="css-y5m8ng"
      data-testid="8,9"
      role="cell"
    >
      1
    </div>
    <div
      class="css-12dzs03"
      data-testid="8,10"
      role="cell"
    >
      <div
        class="css-81z0jo"
        data-testid="bomb_8,10"
      />
    </div>
    <div
      class="css-y5m8ng"
      data-testid="8,11"
      role="cell"
    >
      1
    </div>
    <div
      class="css-1l2qare"
      data-testid="9,0"
      role="cell"
    >
      0
    </div>
    <div
      class="css-y5m8ng"
      data-testid="9,1"
      role="cell"
    >
      1
    </div>
    <div
      class="css-1tt7j02"
      data-testid="9,2"
      role="cell"
    >
      10
    </div>
    <div
      class="css-1tt7j02"
      data-testid="9,3"
      role="cell"
    >
      10
    </div>
    <div
      class="css-1l2qare"
      data-testid="9,4"
      role="cell"
    >
      0
    </div>
    <div
      class="css-1l2qare"
      data-testid="9,5"
      role="cell"
    >
      0
    </div>
    <div
      class="css-y5m8ng"
      data-testid="9,6"
      role="cell"
    >
      1
    </div>
    <div
      class="css-y5m8ng"
      data-testid="9,7"
      role="cell"
    >
      1
    </div>
    <div
      class="css-y5m8ng"
      data-testid="9,8"
      role="cell"
    >
      1
    </div>
    <div
      class="css-y5m8ng"
      data-testid="9,9"
      role="cell"
    >
      1
    </div>
    <div
      class="css-12dzs03"
      data-testid="9,10"
      role="cell"
    >
      <div
        class="css-81z0jo"
        data-testid="bomb_9,10"
      />
    </div>
    <div
      class="css-y5m8ng"
      data-testid="9,11"
      role="cell"
    >
      1
    </div>
    <div
      class="css-1l2qare"
      data-testid="10,0"
      role="cell"
    >
      0
    </div>
    <div
      class="css-y5m8ng"
      data-testid="10,1"
      role="cell"
    >
      1
    </div>
    <div
      class="css-y5m8ng"
      data-testid="10,2"
      role="cell"
    >
      1
    </div>
    <div
      class="css-y5m8ng"
      data-testid="10,3"
      role="cell"
    >
      1
    </div>
    <div
      class="css-1l2qare"
      data-testid="10,4"
      role="cell"
    >
      0
    </div>
    <div
      class="css-1l2qare"
      data-testid="10,5"
      role="cell"
    >
      0
    </div>
    <div
      class="css-y5m8ng"
      data-testid="10,6"
      role="cell"
    >
      1
    </div>
    <div
      class="css-y5m8ng"
      data-testid="10,7"
      role="cell"
    >
      1
    </div>
    <div
      class="css-y5m8ng"
      data-testid="10,8"
      role="cell"
    >
      1
    </div>
    <div
      class="css-y5m8ng"
      data-testid="10,9"
      role="cell"
    >
      1
    </div>
    <div
      class="css-12dzs03"
      data-testid="10,10"
      role="cell"
    >
      <div
        class="css-81z0jo"
        data-testid="bomb_10,10"
      />
    </div>
    <div
      class="css-y5m8ng"
      data-testid="10,11"
      role="cell"
    >
      1
    </div>
    <div
      class="css-1l2qare"
      data-testid="11,0"
      role="cell"
    >
      0
    </div>
    <div
      class="css-y5m8ng"
      data-testid="11,1"
      role="cell"
    >
      1
    </div>
    <div
      class="css-y5m8ng"
      data-testid="11,2"
      role="cell"
    >
      1
    </div>
    <div
      class="css-y5m8ng"
      data-testid="11,3"
      role="cell"
    >
      1
    </div>
    <div
      class="css-1l2qare"
      data-testid="11,4"
      role="cell"
    >
      0
    </div>
    <div
      class="css-1l2qare"
      data-testid="11,5"
      role="cell"
    >
      0
    </div>
    <div
      class="css-y5m8ng"
      data-testid="11,6"
      role="cell"
    >
      1
    </div>
    <div
      class="css-y5m8ng"
      data-testid="11,7"
      role="cell"
    >
      1
    </div>
    <div
      class="css-y5m8ng"
      data-testid="11,8"
      role="cell"
    >
      1
    </div>
    <div
      class="css-y5m8ng"
      data-testid="11,9"
      role="cell"
    >
      1
    </div>
    <div
      class="css-12dzs03"
      data-testid="11,10"
      role="cell"
    >
      <div
        class="css-81z0jo"
        data-testid="bomb_11,10"
      />
    </div>
    <div
      class="css-y5m8ng"
      data-testid="11,11"
      role="cell"
    >
      1
    </div>
  </div>
</DocumentFragment>
`;
