// Vitest Snapshot v1, https://vitest.dev/guide/snapshot.html

exports[`GameName renders correctly 1`] = `
<DocumentFragment>
  <h1
    class="css-18kvaxm"
  >
    minesweeper
  </h1>
</DocumentFragment>
`;
